{
  "version": "1.5.0",
  "plugins_used": [
    {
      "name": "ArtifactoryDetector"
    },
    {
      "name": "AWSKeyDetector"
    },
    {
      "name": "AzureStorageKeyDetector"
    },
    {
      "name": "Base64HighEntropyString",
      "limit": 4.5
    },
    {
      "name": "BasicAuthDetector"
    },
    {
      "name": "CloudantDetector"
    },
    {
      "name": "DiscordBotTokenDetector"
    },
    {
      "name": "GitHubTokenDetector"
    },
    {
      "name": "GitLabTokenDetector"
    },
    {
      "name": "HexHighEntropyString",
      "limit": 3.0
    },
    {
      "name": "IbmCloudIamDetector"
    },
    {
      "name": "IbmCosHmacDetector"
    },
    {
      "name": "IPPublicDetector"
    },
    {
      "name": "JwtTokenDetector"
    },
    {
      "name": "KeywordDetector",
      "keyword_exclude": ""
    },
    {
      "name": "MailchimpDetector"
    },
    {
      "name": "NpmDetector"
    },
    {
      "name": "OpenAIDetector"
    },
    {
      "name": "PrivateKeyDetector"
    },
    {
      "name": "PypiTokenDetector"
    },
    {
      "name": "SendGridDetector"
    },
    {
      "name": "SlackDetector"
    },
    {
      "name": "SoftlayerDetector"
    },
    {
      "name": "SquareOAuthDetector"
    },
    {
      "name": "StripeDetector"
    },
    {
      "name": "TelegramBotTokenDetector"
    },
    {
      "name": "TwilioKeyDetector"
    }
  ],
  "filters_used": [
    {
      "path": "detect_secrets.filters.allowlist.is_line_allowlisted"
    },
    {
      "path": "detect_secrets.filters.common.is_baseline_file",
      "filename": ".secrets.baseline"
    },
    {
      "path": "detect_secrets.filters.common.is_ignored_due_to_verification_policies",
      "min_level": 2
    },
    {
      "path": "detect_secrets.filters.heuristic.is_indirect_reference"
    },
    {
      "path": "detect_secrets.filters.heuristic.is_likely_id_string"
    },
    {
      "path": "detect_secrets.filters.heuristic.is_lock_file"
    },
    {
      "path": "detect_secrets.filters.heuristic.is_not_alphanumeric_string"
    },
    {
      "path": "detect_secrets.filters.heuristic.is_potential_uuid"
    },
    {
      "path": "detect_secrets.filters.heuristic.is_prefixed_with_dollar_sign"
    },
    {
      "path": "detect_secrets.filters.heuristic.is_sequential_string"
    },
    {
      "path": "detect_secrets.filters.heuristic.is_swagger_file"
    },
    {
      "path": "detect_secrets.filters.heuristic.is_templated_secret"
    },
    {
      "path": "detect_secrets.filters.regex.should_exclude_file",
      "pattern": [
        "package-lock\\.json",
        ".*\\.lock"
      ]
    }
  ],
  "results": {
    "demo/run_demo.py": [
      {
        "type": "AWS Access Key",
        "filename": "demo/run_demo.py",
        "hashed_secret": "25910f981e85ca04baf359199dd0bd4a3ae738b6",
        "is_verified": false,
        "line_number": 310
      },
      {
        "type": "Base64 High Entropy String",
        "filename": "demo/run_demo.py",
        "hashed_secret": "d70eab08607a4d05faa2d0d6647206599e9abc65",
        "is_verified": false,
        "line_number": 312
      }
    ],
    "src/claude_monitoring/attack_surface/ontology/categories.py": [
      {
        "type": "Secret Keyword",
        "filename": "src/claude_monitoring/attack_surface/ontology/categories.py",
        "hashed_secret": "4ed6d00df39d3835314868df06559088f8ac35f2",
        "is_verified": false,
        "line_number": 51
      }
    ],
    "src/claude_monitoring/constants.py": [
      {
        "type": "AWS Access Key",
        "filename": "src/claude_monitoring/constants.py",
        "hashed_secret": "25910f981e85ca04baf359199dd0bd4a3ae738b6",
        "is_verified": false,
        "line_number": 317
      },
      {
        "type": "AWS Access Key",
        "filename": "src/claude_monitoring/constants.py",
        "hashed_secret": "1baa9968f9c6d470bb9957fd12fea784b7979650",
        "is_verified": false,
        "line_number": 318
      },
      {
        "type": "AWS Access Key",
        "filename": "src/claude_monitoring/constants.py",
        "hashed_secret": "3f4753d84a0164cb8e47c167bc3d3dff824136e4",
        "is_verified": false,
        "line_number": 319
      }
    ],
    "src/claude_monitoring/dashboard.html": [
      {
        "type": "Secret Keyword",
        "filename": "src/claude_monitoring/dashboard.html",
        "hashed_secret": "c7210c40d59eed577a68886ecff7cd210888c990",
        "is_verified": false,
        "line_number": 2774
      }
    ],
    "src/claude_monitoring/security.py": [
      {
        "type": "AWS Access Key",
        "filename": "src/claude_monitoring/security.py",
        "hashed_secret": "f535722ab0d48b2f6cc6f6d788de414808945351",
        "is_verified": false,
        "line_number": 798
      }
    ],
    "src/claude_monitoring/validators.py": [
      {
        "type": "Secret Keyword",
        "filename": "src/claude_monitoring/validators.py",
        "hashed_secret": "f32b67c7e26342af42efabc674d441dca0a281c5",
        "is_verified": false,
        "line_number": 357
      }
    ],
    "tests/e2e/test_full_system.py": [
      {
        "type": "AWS Access Key",
        "filename": "tests/e2e/test_full_system.py",
        "hashed_secret": "836d9960e41f7fe3e5c9ecc19e9537613fc39271",
        "is_verified": false,
        "line_number": 293
      }
    ],
    "tests/test_abuse_ch_csv.py": [
      {
        "type": "Hex High Entropy String",
        "filename": "tests/test_abuse_ch_csv.py",
        "hashed_secret": "90bd1b48e958257948487b90bee080ba5ed00caa",
        "is_verified": false,
        "line_number": 35
      }
    ],
    "tests/test_api.py": [
      {
        "type": "AWS Access Key",
        "filename": "tests/test_api.py",
        "hashed_secret": "25910f981e85ca04baf359199dd0bd4a3ae738b6",
        "is_verified": false,
        "line_number": 1134
      }
    ],
    "tests/test_browser_alerts.py": [
      {
        "type": "AWS Access Key",
        "filename": "tests/test_browser_alerts.py",
        "hashed_secret": "25910f981e85ca04baf359199dd0bd4a3ae738b6",
        "is_verified": false,
        "line_number": 25
      }
    ],
    "tests/test_bug_fixes.py": [
      {
        "type": "AWS Access Key",
        "filename": "tests/test_bug_fixes.py",
        "hashed_secret": "e2f29f7b3e7d896babd1ff47c23d432af6a271b2",
        "is_verified": false,
        "line_number": 146
      }
    ],
    "tests/test_detection_pipeline.py": [
      {
        "type": "AWS Access Key",
        "filename": "tests/test_detection_pipeline.py",
        "hashed_secret": "a9c45238941ad6df08ccd2d0ed0e20c8ea34154b",
        "is_verified": false,
        "line_number": 24
      },
      {
        "type": "AWS Access Key",
        "filename": "tests/test_detection_pipeline.py",
        "hashed_secret": "e2f29f7b3e7d896babd1ff47c23d432af6a271b2",
        "is_verified": false,
        "line_number": 66
      }
    ],
    "tests/test_jsonl_watcher.py": [
      {
        "type": "AWS Access Key",
        "filename": "tests/test_jsonl_watcher.py",
        "hashed_secret": "dc54918c20d81a538516f18f135ff231ecb93b73",
        "is_verified": false,
        "line_number": 275
      },
      {
        "type": "Private Key",
        "filename": "tests/test_jsonl_watcher.py",
        "hashed_secret": "be4fc4886bd949b369d5e092eb87494f12e57e5b",
        "is_verified": false,
        "line_number": 306
      },
      {
        "type": "AWS Access Key",
        "filename": "tests/test_jsonl_watcher.py",
        "hashed_secret": "25910f981e85ca04baf359199dd0bd4a3ae738b6",
        "is_verified": false,
        "line_number": 335
      },
      {
        "type": "AWS Access Key",
        "filename": "tests/test_jsonl_watcher.py",
        "hashed_secret": "aba13430926dd18a10d82f30fa4af9a1429f71e5",
        "is_verified": false,
        "line_number": 407
      },
      {
        "type": "Base64 High Entropy String",
        "filename": "tests/test_jsonl_watcher.py",
        "hashed_secret": "9861e1e1531201f04e688a8a4f48bb3c176a611b",
        "is_verified": false,
        "line_number": 1765
      }
    ],
    "tests/test_p1_4_mcp_servers_source.py": [
      {
        "type": "Secret Keyword",
        "filename": "tests/test_p1_4_mcp_servers_source.py",
        "hashed_secret": "5bfcc07d7faf1dea50f23321d22417e97f6e624a",
        "is_verified": false,
        "line_number": 70
      },
      {
        "type": "Secret Keyword",
        "filename": "tests/test_p1_4_mcp_servers_source.py",
        "hashed_secret": "7b2879542e26b76020c1bf4403953656748e6db7",
        "is_verified": false,
        "line_number": 124
      },
      {
        "type": "Base64 High Entropy String",
        "filename": "tests/test_p1_4_mcp_servers_source.py",
        "hashed_secret": "5722d8609b9d7d91955d874cba4cb8b6982d3850",
        "is_verified": false,
        "line_number": 146
      },
      {
        "type": "GitHub Token",
        "filename": "tests/test_p1_4_mcp_servers_source.py",
        "hashed_secret": "e175c6f5f2a92e8623bd9a4820edb4e8c1b0fd10",
        "is_verified": false,
        "line_number": 146
      },
      {
        "type": "AWS Access Key",
        "filename": "tests/test_p1_4_mcp_servers_source.py",
        "hashed_secret": "25910f981e85ca04baf359199dd0bd4a3ae738b6",
        "is_verified": false,
        "line_number": 258
      }
    ],
    "tests/test_p1_4_redact_secrets_in_args.py": [
      {
        "type": "Base64 High Entropy String",
        "filename": "tests/test_p1_4_redact_secrets_in_args.py",
        "hashed_secret": "5722d8609b9d7d91955d874cba4cb8b6982d3850",
        "is_verified": false,
        "line_number": 30
      },
      {
        "type": "GitHub Token",
        "filename": "tests/test_p1_4_redact_secrets_in_args.py",
        "hashed_secret": "e175c6f5f2a92e8623bd9a4820edb4e8c1b0fd10",
        "is_verified": false,
        "line_number": 30
      },
      {
        "type": "AWS Access Key",
        "filename": "tests/test_p1_4_redact_secrets_in_args.py",
        "hashed_secret": "25910f981e85ca04baf359199dd0bd4a3ae738b6",
        "is_verified": false,
        "line_number": 40
      },
      {
        "type": "Base64 High Entropy String",
        "filename": "tests/test_p1_4_redact_secrets_in_args.py",
        "hashed_secret": "eb92afa64f3863ce738cae650066819126fe704e",
        "is_verified": false,
        "line_number": 45
      },
      {
        "type": "Base64 High Entropy String",
        "filename": "tests/test_p1_4_redact_secrets_in_args.py",
        "hashed_secret": "fd807463174cba749a87595b35d24dbbb5f4fa97",
        "is_verified": false,
        "line_number": 55
      }
    ],
    "tests/test_p3_7_claude_desktop_integrations_source.py": [
      {
        "type": "Secret Keyword",
        "filename": "tests/test_p3_7_claude_desktop_integrations_source.py",
        "hashed_secret": "a72494b87485bf8a856edd7d81e052b261d07e5a",
        "is_verified": false,
        "line_number": 277
      }
    ],
    "tests/test_security.py": [
      {
        "type": "Secret Keyword",
        "filename": "tests/test_security.py",
        "hashed_secret": "61f9a579349ecc662c7f5b3d2da38bcd66977168",
        "is_verified": false,
        "line_number": 510
      }
    ],
    "tests/test_security_hardening.py": [
      {
        "type": "AWS Access Key",
        "filename": "tests/test_security_hardening.py",
        "hashed_secret": "f535722ab0d48b2f6cc6f6d788de414808945351",
        "is_verified": false,
        "line_number": 545
      }
    ],
    "tests/test_sensitive.py": [
      {
        "type": "AWS Access Key",
        "filename": "tests/test_sensitive.py",
        "hashed_secret": "dc54918c20d81a538516f18f135ff231ecb93b73",
        "is_verified": false,
        "line_number": 8
      },
      {
        "type": "GitHub Token",
        "filename": "tests/test_sensitive.py",
        "hashed_secret": "e175c6f5f2a92e8623bd9a4820edb4e8c1b0fd10",
        "is_verified": false,
        "line_number": 15
      },
      {
        "type": "Private Key",
        "filename": "tests/test_sensitive.py",
        "hashed_secret": "be4fc4886bd949b369d5e092eb87494f12e57e5b",
        "is_verified": false,
        "line_number": 21
      },
      {
        "type": "JSON Web Token",
        "filename": "tests/test_sensitive.py",
        "hashed_secret": "34c659f4df06118f5bc39edc355b4542851ad3f6",
        "is_verified": false,
        "line_number": 28
      },
      {
        "type": "Base64 High Entropy String",
        "filename": "tests/test_sensitive.py",
        "hashed_secret": "6660045a215a9a4e0a70082f35739166143d6836",
        "is_verified": false,
        "line_number": 48
      },
      {
        "type": "Base64 High Entropy String",
        "filename": "tests/test_sensitive.py",
        "hashed_secret": "35bfccdd341a67676ad58850e8111f0c511722b9",
        "is_verified": false,
        "line_number": 54
      },
      {
        "type": "Secret Keyword",
        "filename": "tests/test_sensitive.py",
        "hashed_secret": "b0fb783f68a3417e33f0ad444556f16d16b8b915",
        "is_verified": false,
        "line_number": 87
      },
      {
        "type": "AWS Access Key",
        "filename": "tests/test_sensitive.py",
        "hashed_secret": "25910f981e85ca04baf359199dd0bd4a3ae738b6",
        "is_verified": false,
        "line_number": 106
      },
      {
        "type": "AWS Access Key",
        "filename": "tests/test_sensitive.py",
        "hashed_secret": "1baa9968f9c6d470bb9957fd12fea784b7979650",
        "is_verified": false,
        "line_number": 111
      }
    ],
    "tests/test_sync.py": [
      {
        "type": "Secret Keyword",
        "filename": "tests/test_sync.py",
        "hashed_secret": "11c31bcdb36cf14121c0474d5948e332c7286386",
        "is_verified": false,
        "line_number": 100
      },
      {
        "type": "AWS Access Key",
        "filename": "tests/test_sync.py",
        "hashed_secret": "25910f981e85ca04baf359199dd0bd4a3ae738b6",
        "is_verified": false,
        "line_number": 298
      }
    ],
    "tests/test_sync_sanitize.py": [
      {
        "type": "AWS Access Key",
        "filename": "tests/test_sync_sanitize.py",
        "hashed_secret": "25910f981e85ca04baf359199dd0bd4a3ae738b6",
        "is_verified": false,
        "line_number": 66
      }
    ],
    "tests/test_validators.py": [
      {
        "type": "Base64 High Entropy String",
        "filename": "tests/test_validators.py",
        "hashed_secret": "b85a56143d997820ff8b47744da57240e637db88",
        "is_verified": false,
        "line_number": 221
      },
      {
        "type": "GitHub Token",
        "filename": "tests/test_validators.py",
        "hashed_secret": "e175c6f5f2a92e8623bd9a4820edb4e8c1b0fd10",
        "is_verified": false,
        "line_number": 221
      },
      {
        "type": "Base64 High Entropy String",
        "filename": "tests/test_validators.py",
        "hashed_secret": "21aca215b625a5e2d6ce8e9663df39f21e553b91",
        "is_verified": false,
        "line_number": 227
      },
      {
        "type": "GitHub Token",
        "filename": "tests/test_validators.py",
        "hashed_secret": "ba29d6bfac4cd7b866a3d05103c38031a921ba88",
        "is_verified": false,
        "line_number": 227
      },
      {
        "type": "Base64 High Entropy String",
        "filename": "tests/test_validators.py",
        "hashed_secret": "a63eda533112e9c93a25522954620d4ccb43714f",
        "is_verified": false,
        "line_number": 249
      },
      {
        "type": "Base64 High Entropy String",
        "filename": "tests/test_validators.py",
        "hashed_secret": "93749906464fc195c6b4553f081b2c2fae4508d7",
        "is_verified": false,
        "line_number": 265
      },
      {
        "type": "JSON Web Token",
        "filename": "tests/test_validators.py",
        "hashed_secret": "34c659f4df06118f5bc39edc355b4542851ad3f6",
        "is_verified": false,
        "line_number": 283
      },
      {
        "type": "AWS Access Key",
        "filename": "tests/test_validators.py",
        "hashed_secret": "25910f981e85ca04baf359199dd0bd4a3ae738b6",
        "is_verified": false,
        "line_number": 411
      },
      {
        "type": "AWS Access Key",
        "filename": "tests/test_validators.py",
        "hashed_secret": "dc54918c20d81a538516f18f135ff231ecb93b73",
        "is_verified": false,
        "line_number": 416
      },
      {
        "type": "Secret Keyword",
        "filename": "tests/test_validators.py",
        "hashed_secret": "fa9beb99e4029ad5a6615399e7bbae21356086b3",
        "is_verified": false,
        "line_number": 473
      }
    ],
    "tests/test_validators_liveness.py": [
      {
        "type": "Base64 High Entropy String",
        "filename": "tests/test_validators_liveness.py",
        "hashed_secret": "bffa3fb9e402a012c2fffb300df6fb7fa4e9e3a1",
        "is_verified": false,
        "line_number": 400
      },
      {
        "type": "Base64 High Entropy String",
        "filename": "tests/test_validators_liveness.py",
        "hashed_secret": "63147ef870cc364041a8defce8bf178777608505",
        "is_verified": false,
        "line_number": 430
      }
    ],
    "tests/test_watch_parsing.py": [
      {
        "type": "AWS Access Key",
        "filename": "tests/test_watch_parsing.py",
        "hashed_secret": "25910f981e85ca04baf359199dd0bd4a3ae738b6",
        "is_verified": false,
        "line_number": 596
      },
      {
        "type": "Private Key",
        "filename": "tests/test_watch_parsing.py",
        "hashed_secret": "be4fc4886bd949b369d5e092eb87494f12e57e5b",
        "is_verified": false,
        "line_number": 612
      },
      {
        "type": "GitHub Token",
        "filename": "tests/test_watch_parsing.py",
        "hashed_secret": "e175c6f5f2a92e8623bd9a4820edb4e8c1b0fd10",
        "is_verified": false,
        "line_number": 628
      },
      {
        "type": "Private Key",
        "filename": "tests/test_watch_parsing.py",
        "hashed_secret": "1348b145fa1a555461c1b790a2f66614781091e9",
        "is_verified": false,
        "line_number": 654
      }
    ]
  },
  "generated_at": "2026-06-10T03:39:44Z"
}
